
> build
> vite build

vite v8.0.10 building client environment for production...
[plugin @laravel/vite-plugin-wayfinder] Types generated for actions, routes, form variants
[2Ktransforming...
/noise.png referenced in /noise.png didn't resolve at build time, it will remain unchanged to be resolved at runtime
✓ 2334 modules transformed.
rendering chunks...
computing gzip size...
public/build/manifest.json                                   9.03 kB │ gzip:   1.28 kB
public/build/assets/Home-D3CIuMbl.css                        0.06 kB │ gzip:   0.07 kB
public/build/assets/Show-Byeme4J2.css                        0.07 kB │ gzip:   0.08 kB
public/build/assets/Show-CTuzRGSm.css                        0.07 kB │ gzip:   0.08 kB
public/build/assets/About-D5WIdnGc.css                       0.14 kB │ gzip:   0.13 kB
public/build/assets/Show-_ITW0-Oi.css                        0.16 kB │ gzip:   0.13 kB
public/build/assets/Index-BdeKAKoV.css                       0.30 kB │ gzip:   0.15 kB
public/build/assets/Index-BZ1JdLwI.css                       0.93 kB │ gzip:   0.38 kB
public/build/assets/app-etnnKLbp.css                       125.83 kB │ gzip:  18.59 kB
public/build/assets/theme-BycDLLua.css                     629.33 kB │ gzip:  66.29 kB
public/build/assets/_plugin-vue_export-helper-B67ILkmu.js    0.08 kB │ gzip:   0.09 kB
public/build/assets/loader-circle-DICibCqC.js                0.14 kB │ gzip:   0.15 kB
public/build/assets/clock-D5g3L87a.js                        0.16 kB │ gzip:   0.16 kB
public/build/assets/circle-check-big-B7HAzco6.js             0.19 kB │ gzip:   0.18 kB
public/build/assets/info-C6nBvSeU.js                         0.20 kB │ gzip:   0.17 kB
public/build/assets/x-vtOF00ta.js                            0.23 kB │ gzip:   0.18 kB
public/build/assets/calendar-B8-V9iXk.js                     0.25 kB │ gzip:   0.20 kB
public/build/assets/map-pin-uEcTPuJH.js                      0.25 kB │ gzip:   0.22 kB
public/build/assets/ticket-MdruBSHE.js                       0.32 kB │ gzip:   0.21 kB
public/build/assets/wayfinder-CBXgPFaU.js                    0.89 kB │ gzip:   0.52 kB
public/build/assets/createLucideIcon-CpqtOzOr.js             1.26 kB │ gzip:   0.72 kB
public/build/assets/Show-pOj4OW0z.js                         1.48 kB │ gzip:   0.87 kB
public/build/assets/SeoMeta-CPAFZyZk.js                      1.86 kB │ gzip:   0.63 kB
public/build/assets/Show-DxvGvbXc.js                         2.12 kB │ gzip:   1.09 kB
public/build/assets/Success-DRhGoYCW.js                      3.35 kB │ gzip:   1.53 kB
public/build/assets/Contact-CYyO6flN.js                      3.45 kB │ gzip:   1.52 kB
public/build/assets/About-BCVYlV3Z.js                        4.09 kB │ gzip:   1.72 kB
public/build/assets/Index-B51gFOQY.js                        4.63 kB │ gzip:   2.03 kB
public/build/assets/Archives-BTRh-Kch.js                     4.64 kB │ gzip:   2.09 kB
public/build/assets/Password-DRegxrFv.js                     6.31 kB │ gzip:   1.68 kB
public/build/assets/Footer-DPrJXjQB.js                       7.94 kB │ gzip:   2.58 kB
public/build/assets/Index-Bp0fv_3N.js                       10.02 kB │ gzip:   3.27 kB
public/build/assets/Ticketing-C5L5_V2Q.js                   12.10 kB │ gzip:   4.10 kB
public/build/assets/Show-Pn8DcNwy.js                        12.48 kB │ gzip:   3.87 kB
public/build/assets/Home-COzv95P5.js                        15.74 kB │ gzip:   5.13 kB
public/build/assets/Show-Bbd58TNN.js                        19.01 kB │ gzip:   6.28 kB
public/build/assets/AppButton-UCIajXx2.js                   27.77 kB │ gzip:   9.05 kB
public/build/assets/app-B8A2tQag.js                        182.19 kB │ gzip:  62.90 kB
public/build/assets/Index-DLpsZUMK.js                      383.00 kB │ gzip: 113.59 kB

✓ built in 3.34s
